2025-08-26 18:48:38 | INFO     | mailtag.logging_config:setup_logging:30 - Logging initialized with level INFO
2025-08-26 18:48:38 | INFO     | mailtag.logging_config:setup_logging:30 - Logging initialized with level INFO
2025-08-26 18:48:38 | INFO     | mailtag.logging_config:setup_logging:30 - Logging initialized with level INFO
2025-08-26 18:48:38 | INFO     | main:start_classification_run:93 - Running classification for provider: GmailService
2025-08-26 18:48:38 | INFO     | mailtag.logging_config:setup_logging:30 - Logging initialized with level INFO
2025-08-26 18:48:38 | INFO     | mailtag.logging_config:setup_logging:30 - Logging initialized with level INFO
2025-08-26 18:50:48 | INFO     | mailtag.logging_config:setup_logging:30 - Logging initialized with level INFO
2025-08-26 18:50:48 | INFO     | mailtag.logging_config:setup_logging:30 - Logging initialized with level INFO
2025-08-26 18:50:48 | INFO     | mailtag.logging_config:setup_logging:30 - Logging initialized with level INFO
2025-08-26 18:50:48 | INFO     | main:start_classification_run:93 - Running classification for provider: GmailService
2025-08-26 18:50:48 | INFO     | mailtag.logging_config:setup_logging:30 - Logging initialized with level INFO
2025-08-26 18:50:48 | INFO     | mailtag.logging_config:setup_logging:30 - Logging initialized with level INFO
2025-11-22 11:01:13 | INFO     | mailtag.logging_config:setup_logging:30 - Logging initialized with level INFO
2025-11-22 11:01:13 | INFO     | mailtag.logging_config:setup_logging:30 - Logging initialized with level INFO
2025-11-22 11:01:13 | INFO     | mailtag.logging_config:setup_logging:30 - Logging initialized with level INFO
2025-11-22 11:01:13 | INFO     | main:start_classification_run:93 - Running classification for provider: GmailService
2025-11-22 11:01:13 | INFO     | mailtag.logging_config:setup_logging:30 - Logging initialized with level INFO
2025-11-22 11:01:13 | INFO     | mailtag.logging_config:setup_logging:30 - Logging initialized with level INFO
